>>> func = __import__('4-print_square').print_square

>>> func(5)
#####
#####
#####
#####
#####
>>> func()
Traceback (most recent call last):
        ...
TypeError: print_square() missing 1 required positional argument: 'size'
>>> func("Hola mundo!")
Traceback (most recent call last):
        ...
TypeError: size must be an integer
>>> func(1.4)
Traceback (most recent call last):
        ...
TypeError: size must be an integer
>>> func(-5)
Traceback (most recent call last):
        ...
ValueError: size must be >= 0